exports[`test Verify Defined CONSTS 1`] = `
Object {
  "ACTIONS": "@@ACTIONS",
  "BATCH": "@@BATCH",
  "MOUNT_PATH": "@@MOUNT_PATH",
  "NEW_STATE": "@@NEW_STATE",
  "PROCESS_BATCH": "@@COMPONENT_PROCESS_BATCH",
  "PROP_MOUNT_PATH": "reduxMountPath",
  "PROP_PERSIST": "reduxPersist",
  "RESET_STATE": "@@COMPONENT_RESET_STATE",
  "UUID": "@@UUID",
}
`;
